[www.aryl.ml/index.html]
[backblue.gif]
[fade.gif]
[index.html]
[www.aryl.ml/img/favicon.png]
[www.aryl.ml/js/vendor/modernizr-2.8.3-respond-1.4.2.min.js]
[www.aryl.ml/img/logo-dark.png]
[www.aryl.ml/img/logo-light.png]
[www.aryl.ml/img/scroll-down.png]
[www.aryl.ml/img/screen-1.jpg]
[www.aryl.ml/img/screen-2.jpg]
[www.aryl.ml/img/screen-3.jpg]
[www.aryl.ml/img/screen-4.jpg]
[www.aryl.ml/img/screen-5.jpg]
[www.aryl.ml/img/screen-6.jpg]
[www.aryl.ml/img/member1.png]
[www.aryl.ml/img/member2.gif]
[www.aryl.ml/img/Venomx.jpg]
[code.jquery.com/jquery-3.4.1.min.js]
[www.aryl.ml/js/vendor/bootstrap.min.js]
[www.aryl.ml/js/vendor/smooth-scroll.min.js]
[www.aryl.ml/js/vendor/jquery.ajaxchimp.min.js]
[www.aryl.ml/js/vendor/venobox.min.js]
[www.aryl.ml/js/vendor/swiper.min.js]
[www.aryl.ml/js/vendor/jquery.simple-text-rotator.js]
[www.aryl.ml/js/vendor/jquery.nicescroll.min.js]
[www.aryl.ml/js/vendor/wow.min.js]
[kit.fontawesome.com/86323babb4.js]
[www.aryl.ml/js/main.js]
[www.aryl.ml/index.html]
[www.aryl.ml/fonts/fontawesome-webfont5b625b62.eot]
[www.aryl.ml/fonts/fontawesome-webfontd41dd41d.eot]
[www.aryl.ml/fonts/fontawesome-webfont5b625b62.html]
[www.aryl.ml/fonts/fontawesome-webfont5b625b62.woff]
[www.aryl.ml/fonts/fontawesome-webfont5b625b62.ttf]
[www.aryl.ml/css/font-awesome.min.css]
[www.aryl.ml/fonts/ElegantIcons.eot]
[www.aryl.ml/fonts/ElegantIconsd41dd41d.eot]
[www.aryl.ml/fonts/ElegantIcons.woff]
[www.aryl.ml/fonts/ElegantIcons.ttf]
[www.aryl.ml/css/elegant-font-icons.css]
[www.aryl.ml/fonts/et-line.eot]
[www.aryl.ml/fonts/et-lined41dd41d.eot]
[www.aryl.ml/fonts/et-line.woff]
[www.aryl.ml/fonts/et-line.ttf]
[www.aryl.ml/css/elegant-line-icons.css]
[www.aryl.ml/css/animate.min.css]
[www.aryl.ml/fonts/glyphicons-halflings-regular.eot]
[www.aryl.ml/fonts/glyphicons-halflings-regulard41dd41d.eot]
[www.aryl.ml/fonts/glyphicons-halflings-regular.woff]
[www.aryl.ml/fonts/glyphicons-halflings-regular.ttf]
[www.aryl.ml/css/bootstrap.min.css]
[www.aryl.ml/css/venobox/preload-circle.png]
[www.aryl.ml/css/venobox/close.gif]
[www.aryl.ml/css/venobox/prev.gif]
[www.aryl.ml/css/venobox/next.gif]
[www.aryl.ml/css/venobox/venobox.css]
[www.aryl.ml/css/swiper.min.css]
[www.aryl.ml/css/simpletextrotator.css]
[www.aryl.ml/img/hero-bg.jpg]
[www.aryl.ml/img/iphone-1.png]
[www.aryl.ml/img/cta-bg.jpg]
[www.aryl.ml/img/cta-dark.jpg]
[www.aryl.ml/img/cta-dark2.jpg]
[www.aryl.ml/css/main.css]
[www.aryl.ml/css/responsive.css]
[www.aryl.ml/img/loader.svg]
[www.aryl.ml/fonts/fontawesome-webfont5b625b62.html]
[www.aryl.ml/fonts/fontawesome-webfont5b625b62.svg]
[www.aryl.ml/fonts/ElegantIcons.svg]
[www.aryl.ml/fonts/et-line.svg]
[www.aryl.ml/fonts/glyphicons-halflings-regular.svg]
[www.aryl.ml/img/iphone-2.html]
[www.aryl.ml/img/video-bg.html]
